[[1;34mINFO[m] Scanning for projects...
[[1;34mINFO[m] 
[[1;34mINFO[m] [1m-------------------< [0;36mcom.smartrecrute:smartrecrute[0;1m >--------------------[m
[[1;34mINFO[m] [1mBuilding  0.0.1-SNAPSHOT[m
[[1;34mINFO[m] [1m--------------------------------[ jar ]---------------------------------[m
[[1;34mINFO[m] 
[[1;34mINFO[m] [1m>>> [0;32mspring-boot-maven-plugin:3.5.12:run[m [1m(default-cli)[0;1m > [0;1mtest-compile[m @ [36msmartrecrute[0;1m >>>[m
[[1;34mINFO[m] 
[[1;34mINFO[m] [1m--- [0;32mmaven-resources-plugin:3.3.1:resources[m [1m(default-resources)[m @ [36msmartrecrute[0;1m ---[m
[[1;34mINFO[m] Copying 1 resource from src/main/resources to target/classes
[[1;34mINFO[m] Copying 0 resource from src/main/resources to target/classes
[[1;34mINFO[m] 
[[1;34mINFO[m] [1m--- [0;32mmaven-compiler-plugin:3.14.1:compile[m [1m(default-compile)[m @ [36msmartrecrute[0;1m ---[m
[[1;34mINFO[m] Nothing to compile - all classes are up to date.
[[1;34mINFO[m] 
[[1;34mINFO[m] [1m--- [0;32mmaven-resources-plugin:3.3.1:testResources[m [1m(default-testResources)[m @ [36msmartrecrute[0;1m ---[m
[[1;34mINFO[m] Copying 1 resource from src/test/resources to target/test-classes
[[1;34mINFO[m] 
[[1;34mINFO[m] [1m--- [0;32mmaven-compiler-plugin:3.14.1:testCompile[m [1m(default-testCompile)[m @ [36msmartrecrute[0;1m ---[m
[[1;34mINFO[m] Nothing to compile - all classes are up to date.
[[1;34mINFO[m] 
[[1;34mINFO[m] [1m<<< [0;32mspring-boot-maven-plugin:3.5.12:run[m [1m(default-cli)[0;1m < [0;1mtest-compile[m @ [36msmartrecrute[0;1m <<<[m
[[1;34mINFO[m] 
[[1;34mINFO[m] 
[[1;34mINFO[m] [1m--- [0;32mspring-boot-maven-plugin:3.5.12:run[m [1m(default-cli)[m @ [36msmartrecrute[0;1m ---[m
[[1;34mINFO[m] Attaching agents: []

  .   ____          _            __ _ _
 /\\ / ___'_ __ _ _(_)_ __  __ _ \ \ \ \
( ( )\___ | '_ | '_| | '_ \/ _` | \ \ \ \
 \\/  ___)| |_)| | | | | || (_| |  ) ) ) )
  '  |____| .__|_| |_|_| |_\__, | / / / /
 =========|_|==============|___/=/_/_/_/

 :: Spring Boot ::               (v3.5.12)

2026-04-12T14:11:53.133+01:00  INFO 368898 --- [SmartRecruite] [           main] c.s.s.SmartrecruteApplication            : Starting SmartrecruteApplication using Java 17.0.18 with PID 368898 (/home/silversurfer/Bureau/pfe/smartrecrute/target/classes started by silversurfer in /home/silversurfer/Bureau/pfe/smartrecrute)
2026-04-12T14:11:53.135+01:00  INFO 368898 --- [SmartRecruite] [           main] c.s.s.SmartrecruteApplication            : No active profile set, falling back to 1 default profile: "default"
2026-04-12T14:11:53.611+01:00  INFO 368898 --- [SmartRecruite] [           main] .s.d.r.c.RepositoryConfigurationDelegate : Bootstrapping Spring Data JPA repositories in DEFAULT mode.
2026-04-12T14:11:53.670+01:00  INFO 368898 --- [SmartRecruite] [           main] .s.d.r.c.RepositoryConfigurationDelegate : Finished Spring Data repository scanning in 53 ms. Found 12 JPA repository interfaces.
2026-04-12T14:11:54.031+01:00  INFO 368898 --- [SmartRecruite] [           main] o.s.b.w.embedded.tomcat.TomcatWebServer  : Tomcat initialized with port 8000 (http)
2026-04-12T14:11:54.039+01:00  INFO 368898 --- [SmartRecruite] [           main] o.apache.catalina.core.StandardService   : Starting service [Tomcat]
2026-04-12T14:11:54.039+01:00  INFO 368898 --- [SmartRecruite] [           main] o.apache.catalina.core.StandardEngine    : Starting Servlet engine: [Apache Tomcat/10.1.52]
2026-04-12T14:11:54.068+01:00  INFO 368898 --- [SmartRecruite] [           main] o.a.c.c.C.[Tomcat].[localhost].[/]       : Initializing Spring embedded WebApplicationContext
2026-04-12T14:11:54.069+01:00  INFO 368898 --- [SmartRecruite] [           main] w.s.c.ServletWebServerApplicationContext : Root WebApplicationContext: initialization completed in 909 ms
2026-04-12T14:11:54.148+01:00  INFO 368898 --- [SmartRecruite] [           main] o.hibernate.jpa.internal.util.LogHelper  : HHH000204: Processing PersistenceUnitInfo [name: default]
2026-04-12T14:11:54.172+01:00  INFO 368898 --- [SmartRecruite] [           main] org.hibernate.Version                    : HHH000412: Hibernate ORM core version 6.6.44.Final
2026-04-12T14:11:54.189+01:00  INFO 368898 --- [SmartRecruite] [           main] o.h.c.internal.RegionFactoryInitiator    : HHH000026: Second-level cache disabled
2026-04-12T14:11:54.324+01:00  INFO 368898 --- [SmartRecruite] [           main] o.s.o.j.p.SpringPersistenceUnitInfo      : No LoadTimeWeaver setup: ignoring JPA class transformer
2026-04-12T14:11:54.348+01:00  INFO 368898 --- [SmartRecruite] [           main] com.zaxxer.hikari.HikariDataSource       : HikariPool-1 - Starting...
2026-04-12T14:11:54.516+01:00  INFO 368898 --- [SmartRecruite] [           main] com.zaxxer.hikari.pool.HikariPool        : HikariPool-1 - Added connection org.postgresql.jdbc.PgConnection@3350ab4
2026-04-12T14:11:54.517+01:00  INFO 368898 --- [SmartRecruite] [           main] com.zaxxer.hikari.HikariDataSource       : HikariPool-1 - Start completed.
2026-04-12T14:11:54.535+01:00  WARN 368898 --- [SmartRecruite] [           main] org.hibernate.orm.deprecation            : HHH90000025: PostgreSQLDialect does not need to be specified explicitly using 'hibernate.dialect' (remove the property setting and it will be selected by default)
2026-04-12T14:11:54.548+01:00  INFO 368898 --- [SmartRecruite] [           main] org.hibernate.orm.connections.pooling    : HHH10001005: Database info:
	Database JDBC URL [Connecting through datasource 'HikariDataSource (HikariPool-1)']
	Database driver: undefined/unknown
	Database version: 16.13
	Autocommit mode: undefined/unknown
	Isolation level: undefined/unknown
	Minimum pool size: undefined/unknown
	Maximum pool size: undefined/unknown
2026-04-12T14:11:55.142+01:00  INFO 368898 --- [SmartRecruite] [           main] o.h.e.t.j.p.i.JtaPlatformInitiator       : HHH000489: No JTA platform available (set 'hibernate.transaction.jta.platform' to enable JTA platform integration)
2026-04-12T14:11:55.249+01:00  INFO 368898 --- [SmartRecruite] [           main] j.LocalContainerEntityManagerFactoryBean : Initialized JPA EntityManagerFactory for persistence unit 'default'
2026-04-12T14:11:55.444+01:00  INFO 368898 --- [SmartRecruite] [           main] o.s.d.j.r.query.QueryEnhancerFactory     : Hibernate is in classpath; If applicable, HQL parser will be used.
2026-04-12T14:11:55.972+01:00  INFO 368898 --- [SmartRecruite] [           main] eAuthenticationProviderManagerConfigurer : Global AuthenticationManager configured with AuthenticationProvider bean with name authenticationProvider
2026-04-12T14:11:55.973+01:00  WARN 368898 --- [SmartRecruite] [           main] r$InitializeUserDetailsManagerConfigurer : Global AuthenticationManager configured with an AuthenticationProvider bean. UserDetailsService beans will not be used by Spring Security for automatically configuring username/password login. Consider removing the AuthenticationProvider bean. Alternatively, consider using the UserDetailsService in a manually instantiated DaoAuthenticationProvider. If the current configuration is intentional, to turn off this warning, increase the logging level of 'org.springframework.security.config.annotation.authentication.configuration.InitializeUserDetailsBeanManagerConfigurer' to ERROR
2026-04-12T14:11:56.041+01:00  WARN 368898 --- [SmartRecruite] [           main] JpaBaseConfiguration$JpaWebConfiguration : spring.jpa.open-in-view is enabled by default. Therefore, database queries may be performed during view rendering. Explicitly configure spring.jpa.open-in-view to disable this warning
2026-04-12T14:11:56.278+01:00  INFO 368898 --- [SmartRecruite] [           main] o.s.v.b.OptionalValidatorFactoryBean     : Failed to set up a Bean Validation provider: jakarta.validation.NoProviderFoundException: Unable to create a Configuration, because no Jakarta Bean Validation provider could be found. Add a provider like Hibernate Validator (RI) to your classpath.
2026-04-12T14:11:56.473+01:00  INFO 368898 --- [SmartRecruite] [           main] o.s.b.w.embedded.tomcat.TomcatWebServer  : Tomcat started on port 8000 (http) with context path '/'
2026-04-12T14:11:56.480+01:00  INFO 368898 --- [SmartRecruite] [           main] c.s.s.SmartrecruteApplication            : Started SmartrecruteApplication in 3.594 seconds (process running for 3.767)
Hibernate: insert into tag (categorie,libelle) values (?,?)
Hibernate: insert into tag (categorie,libelle) values (?,?)
Hibernate: insert into tag (categorie,libelle) values (?,?)
Hibernate: insert into tag (categorie,libelle) values (?,?)
Hibernate: insert into tag (categorie,libelle) values (?,?)
Hibernate: insert into tag (categorie,libelle) values (?,?)
Hibernate: insert into tag (categorie,libelle) values (?,?)
Hibernate: insert into tag (categorie,libelle) values (?,?)
Hibernate: insert into tag (categorie,libelle) values (?,?)
Hibernate: insert into tag (categorie,libelle) values (?,?)
Hibernate: insert into tag (categorie,libelle) values (?,?)
Hibernate: insert into tag (categorie,libelle) values (?,?)
Hibernate: insert into tag (categorie,libelle) values (?,?)
Hibernate: insert into tag (categorie,libelle) values (?,?)
Hibernate: insert into tag (categorie,libelle) values (?,?)
Hibernate: insert into tag (categorie,libelle) values (?,?)
Hibernate: insert into tag (categorie,libelle) values (?,?)
Hibernate: insert into tag (categorie,libelle) values (?,?)
Hibernate: insert into tag (categorie,libelle) values (?,?)
Hibernate: insert into tag (categorie,libelle) values (?,?)
Hibernate: insert into tag (categorie,libelle) values (?,?)
Hibernate: insert into tag (categorie,libelle) values (?,?)
Hibernate: insert into tag (categorie,libelle) values (?,?)
Hibernate: insert into tag (categorie,libelle) values (?,?)
Hibernate: insert into tag (categorie,libelle) values (?,?)
Hibernate: insert into tag (categorie,libelle) values (?,?)
Hibernate: insert into tag (categorie,libelle) values (?,?)
Hibernate: insert into tag (categorie,libelle) values (?,?)
Hibernate: insert into tag (categorie,libelle) values (?,?)
Hibernate: insert into tag (categorie,libelle) values (?,?)
Hibernate: insert into tag (categorie,libelle) values (?,?)
Hibernate: insert into tag (categorie,libelle) values (?,?)
Hibernate: insert into tag (categorie,libelle) values (?,?)
Hibernate: insert into tag (categorie,libelle) values (?,?)
Hibernate: insert into tag (categorie,libelle) values (?,?)
Hibernate: insert into tag (categorie,libelle) values (?,?)
Hibernate: insert into tag (categorie,libelle) values (?,?)
Hibernate: insert into tag (categorie,libelle) values (?,?)
✅ Seeded 38 skills in 5 categories!
2026-04-12T14:12:21.352+01:00  INFO 368898 --- [SmartRecruite] [ionShutdownHook] o.s.b.w.e.tomcat.GracefulShutdown        : Commencing graceful shutdown. Waiting for active requests to complete
2026-04-12T14:12:21.355+01:00  INFO 368898 --- [SmartRecruite] [tomcat-shutdown] o.s.b.w.e.tomcat.GracefulShutdown        : Graceful shutdown complete
2026-04-12T14:12:21.359+01:00  INFO 368898 --- [SmartRecruite] [ionShutdownHook] j.LocalContainerEntityManagerFactoryBean : Closing JPA EntityManagerFactory for persistence unit 'default'
2026-04-12T14:12:21.360+01:00  INFO 368898 --- [SmartRecruite] [ionShutdownHook] com.zaxxer.hikari.HikariDataSource       : HikariPool-1 - Shutdown initiated...
2026-04-12T14:12:21.365+01:00  INFO 368898 --- [SmartRecruite] [ionShutdownHook] com.zaxxer.hikari.HikariDataSource       : HikariPool-1 - Shutdown completed.
